=== 開始清理資料集（含時間過濾） ===

466900.csv：有效欄位數 = 9，資料筆數 = 82224
466910.csv：有效欄位數 = 10，資料筆數 = 82177
466920.csv：有效欄位數 = 10，資料筆數 = 82176
466930.csv：有效欄位數 = 10，資料筆數 = 82176
466940.csv：有效欄位數 = 10，資料筆數 = 82129
466990.csv：有效欄位數 = 10，資料筆數 = 82176
467050.csv：有效欄位數 = 10，資料筆數 = 82176
467080.csv：有效欄位數 = 10，資料筆數 = 82153
467110.csv：有效欄位數 = 10，資料筆數 = 82153
🗑️ 467270.csv：最早時間為 2020-04-09，晚於 2016，已刪除
467350.csv：有效欄位數 = 10，資料筆數 = 82153
467410.csv：有效欄位數 = 10，資料筆數 = 82152
467420.csv：有效欄位數 = 10，資料筆數 = 82106
467480.csv：有效欄位數 = 10，資料筆數 = 82129
467490.csv：有效欄位數 = 10，資料筆數 = 82129
467530.csv：有效欄位數 = 10，資料筆數 = 82202
467540.csv：有效欄位數 = 10，資料筆數 = 82153
467550.csv：有效欄位數 = 10，資料筆數 = 81794
467571.csv：有效欄位數 = 10，資料筆數 = 82081
467590.csv：有效欄位數 = 10，資料筆數 = 82152
467610.csv：有效欄位數 = 10，資料筆數 = 82154
467650.csv：有效欄位數 = 10，資料筆數 = 82106
467660.csv：有效欄位數 = 10，資料筆數 = 82153
467990.csv：有效欄位數 = 10，資料筆數 = 82176
C0A520.csv：有效欄位數 = 6，資料筆數 = 82182
C0A530.csv：有效欄位數 = 2，資料筆數 = 82182
C0A550.csv：有效欄位數 = 2，資料筆數 = 82158
C0A570.csv：有效欄位數 = 2，資料筆數 = 82158
C0A640.csv：有效欄位數 = 2，資料筆數 = 82278
C0A860.csv：有效欄位數 = 6，資料筆數 = 82182
C0A870.csv：有效欄位數 = 2，資料筆數 = 82182
C0A890.csv：有效欄位數 = 2，資料筆數 = 82182
C0A931.csv：有效欄位數 = 2，資料筆數 = 82278
C0A940.csv：有效欄位數 = 2，資料筆數 = 82182
C0A950.csv：有效欄位數 = 2，資料筆數 = 82250
C0A970.csv：有效欄位數 = 2，資料筆數 = 81211
C0A980.csv：有效欄位數 = 2，資料筆數 = 82171
C0A9C0.csv：有效欄位數 = 2，資料筆數 = 82171
C0A9F0.csv：有效欄位數 = 2，資料筆數 = 82171
C0AC40.csv：有效欄位數 = 6，資料筆數 = 82298
C0AC60.csv：有效欄位數 = 6，資料筆數 = 82302
C0AC70.csv：有效欄位數 = 2，資料筆數 = 82302
C0AC80.csv：有效欄位數 = 6，資料筆數 = 82302
C0ACA0.csv：有效欄位數 = 6，資料筆數 = 82302
C0AD10.csv：有效欄位數 = 2，資料筆數 = 82302
C0AD30.csv：有效欄位數 = 6，資料筆數 = 82302
C0AD40.csv：有效欄位數 = 6，資料筆數 = 82302
C0AD50.csv：有效欄位數 = 6，資料筆數 = 82302
C0AH00.csv：有效欄位數 = 2，資料筆數 = 82302
C0AH10.csv：有效欄位數 = 6，資料筆數 = 82302
🗑️ C0AH30.csv：最早時間為 2016-01-04，晚於 2016，已刪除
🗑️ C0AH80.csv：最早時間為 2017-08-30，晚於 2016，已刪除
🗑️ C0AH90.csv：最早時間為 2018-01-01，晚於 2016，已刪除
🗑️ C0AI00.csv：最早時間為 2018-06-29，晚於 2016，已刪除
🗑️ C0AI10.csv：最早時間為 2018-04-01，晚於 2016，已刪除
🗑️ C0AI30.csv：最早時間為 2019-07-19，晚於 2016，已刪除
🗑️ C0AI40.csv：最早時間為 2019-01-01，晚於 2016，已刪除
🗑️ C0B010.csv：最早時間為 2018-06-08，晚於 2016，已刪除
C0C460.csv：有效欄位數 = 2，資料筆數 = 82254
C0C480.csv：有效欄位數 = 2，資料筆數 = 82158
C0C490.csv：有效欄位數 = 2，資料筆數 = 82254
C0C590.csv：有效欄位數 = 2，資料筆數 = 82254
C0C620.csv：有效欄位數 = 2，資料筆數 = 82254
C0C630.csv：有效欄位數 = 2，資料筆數 = 82254
C0C650.csv：有效欄位數 = 2，資料筆數 = 82254
C0C660.csv：有效欄位數 = 2，資料筆數 = 82254
C0C670.csv：有效欄位數 = 6，資料筆數 = 82254
🗑️ C0C680.csv：最早時間為 2017-03-28，晚於 2016，已刪除
🗑️ C0C700.csv：最早時間為 2018-01-01，晚於 2016，已刪除
🗑️ C0C710.csv：最早時間為 2018-12-27，晚於 2016，已刪除
C0D360.csv：有效欄位數 = 2，資料筆數 = 82158
C0D430.csv：有效欄位數 = 2，資料筆數 = 82261
C0D480.csv：有效欄位數 = 6，資料筆數 = 82158
C0D540.csv：有效欄位數 = 2，資料筆數 = 82254
C0D550.csv：有效欄位數 = 6，資料筆數 = 82254
C0D560.csv：有效欄位數 = 2，資料筆數 = 82254
C0D580.csv：有效欄位數 = 6，資料筆數 = 82254
C0D590.csv：有效欄位數 = 6，資料筆數 = 82254
C0D650.csv：有效欄位數 = 6，資料筆數 = 82254
C0D660.csv：有效欄位數 = 2，資料筆數 = 82254
C0E420.csv：有效欄位數 = 6，資料筆數 = 82158
C0E430.csv：有效欄位數 = 6，資料筆數 = 82158
C0E550.csv：有效欄位數 = 2，資料筆數 = 82302
C0E590.csv：有效欄位數 = 7，資料筆數 = 82302
C0E610.csv：有效欄位數 = 2，資料筆數 = 82158
C0E730.csv：有效欄位數 = 6，資料筆數 = 82254
C0E740.csv：有效欄位數 = 7，資料筆數 = 82302
C0E750.csv：有效欄位數 = 2，資料筆數 = 82302
C0E780.csv：有效欄位數 = 7，資料筆數 = 82302
C0E810.csv：有效欄位數 = 7，資料筆數 = 82302
C0E820.csv：有效欄位數 = 2，資料筆數 = 82230
C0E830.csv：有效欄位數 = 2，資料筆數 = 82302
C0E850.csv：有效欄位數 = 6，資料筆數 = 82254
🗑️ C0E870.csv：最早時間為 2017-08-01，晚於 2016，已刪除
🗑️ C0F0B0.csv：最早時間為 2016-10-01，晚於 2016，已刪除
🗑️ C0F0C0.csv：最早時間為 2017-05-26，晚於 2016，已刪除
🗑️ C0F0D0.csv：最早時間為 2018-01-01，晚於 2016，已刪除
C0F850.csv：有效欄位數 = 2，資料筆數 = 82302
C0F970.csv：有效欄位數 = 2，資料筆數 = 82302
C0F9I0.csv：有效欄位數 = 7，資料筆數 = 82302
C0F9K0.csv：有效欄位數 = 7，資料筆數 = 82302
C0F9L0.csv：有效欄位數 = 2，資料筆數 = 82302
C0F9M0.csv：有效欄位數 = 7，資料筆數 = 82302
C0F9N0.csv：有效欄位數 = 2，資料筆數 = 82302
C0F9O0.csv：有效欄位數 = 7，資料筆數 = 82302
C0F9P0.csv：有效欄位數 = 7，資料筆數 = 82302
C0F9Q0.csv：有效欄位數 = 2，資料筆數 = 82302
C0F9R0.csv：有效欄位數 = 7，資料筆數 = 82302
C0F9S0.csv：有效欄位數 = 7，資料筆數 = 82302
C0F9T0.csv：有效欄位數 = 2，資料筆數 = 82322
C0F9U0.csv：有效欄位數 = 7，資料筆數 = 82302
C0F9V0.csv：有效欄位數 = 2，資料筆數 = 82302
C0F9X0.csv：有效欄位數 = 7，資料筆數 = 82302
🗑️ C0F9Y0.csv：最早時間為 2016-04-28，晚於 2016，已刪除
C0G620.csv：有效欄位數 = 2，資料筆數 = 81582
C0G650.csv：有效欄位數 = 2，資料筆數 = 82195
C0G720.csv：有效欄位數 = 2，資料筆數 = 82302
C0G730.csv：有效欄位數 = 7，資料筆數 = 82302
C0G740.csv：有效欄位數 = 7，資料筆數 = 82302
C0G770.csv：有效欄位數 = 2，資料筆數 = 82302
C0G780.csv：有效欄位數 = 7，資料筆數 = 82322
C0G810.csv：有效欄位數 = 7，資料筆數 = 82302
C0G820.csv：有效欄位數 = 2，資料筆數 = 81582
C0G830.csv：有效欄位數 = 2，資料筆數 = 82315
C0G860.csv：有效欄位數 = 7，資料筆數 = 82302
C0G890.csv：有效欄位數 = 2，資料筆數 = 82322
🗑️ C0G900.csv：最早時間為 2019-06-01，晚於 2016，已刪除
🗑️ C0G910.csv：最早時間為 2019-12-19，晚於 2016，已刪除
C0H960.csv：有效欄位數 = 2，資料筆數 = 82302
C0H9A0.csv：有效欄位數 = 2，資料筆數 = 82195
C0H9C0.csv：有效欄位數 = 2，資料筆數 = 82206
C0I010.csv：有效欄位數 = 4，資料筆數 = 82170
C0I110.csv：有效欄位數 = 2，資料筆數 = 82195
🗑️ C0I390.csv：最早時間為 2016-01-01，晚於 2016，已刪除
C0I460.csv：有效欄位數 = 7，資料筆數 = 82302
🗑️ C0I480.csv：最早時間為 2016-01-01，晚於 2016，已刪除
🗑️ C0I490.csv：最早時間為 2016-01-01，晚於 2016，已刪除
🗑️ C0I530.csv：最早時間為 2018-01-01，晚於 2016，已刪除
🗑️ C0K250.csv：最早時間為 2016-01-02，晚於 2016，已刪除
C0K280.csv：有效欄位數 = 2，資料筆數 = 82170
C0K291.csv：有效欄位數 = 2，資料筆數 = 82195
C0K330.csv：有效欄位數 = 5，資料筆數 = 82195
C0K390.csv：有效欄位數 = 2，資料筆數 = 82302
C0K400.csv：有效欄位數 = 7，資料筆數 = 82302
C0K410.csv：有效欄位數 = 2，資料筆數 = 82302
C0K420.csv：有效欄位數 = 2，資料筆數 = 82302
C0K430.csv：有效欄位數 = 7，資料筆數 = 82302
🗑️ C0K440.csv：最早時間為 2016-01-01，晚於 2016，已刪除
C0K450.csv：有效欄位數 = 7，資料筆數 = 82302
C0K460.csv：有效欄位數 = 7，資料筆數 = 82302
🗑️ C0K470.csv：最早時間為 2016-01-01，晚於 2016，已刪除
🗑️ C0K480.csv：最早時間為 2016-01-01，晚於 2016，已刪除
C0K500.csv：有效欄位數 = 7，資料筆數 = 82302
C0K510.csv：有效欄位數 = 7，資料筆數 = 82302
C0K530.csv：有效欄位數 = 7，資料筆數 = 82302
🗑️ C0K550.csv：最早時間為 2016-01-01，晚於 2016，已刪除
🗑️ C0K560.csv：最早時間為 2016-01-01，晚於 2016，已刪除
🗑️ C0K580.csv：最早時間為 2017-08-01，晚於 2016，已刪除
C0M520.csv：有效欄位數 = 7，資料筆數 = 82302
C0M530.csv：有效欄位數 = 5，資料筆數 = 82170
C0M640.csv：有效欄位數 = 7，資料筆數 = 82302
C0M650.csv：有效欄位數 = 7，資料筆數 = 82302
C0M660.csv：有效欄位數 = 7，資料筆數 = 82302
C0M670.csv：有效欄位數 = 7，資料筆數 = 82302
C0M680.csv：有效欄位數 = 7，資料筆數 = 82302
C0M690.csv：有效欄位數 = 7，資料筆數 = 82302
C0M700.csv：有效欄位數 = 7，資料筆數 = 82302
C0M710.csv：有效欄位數 = 7，資料筆數 = 82302
C0M720.csv：有效欄位數 = 7，資料筆數 = 82302
C0M730.csv：有效欄位數 = 2，資料筆數 = 82302
C0M740.csv：有效欄位數 = 7，資料筆數 = 82315
C0M750.csv：有效欄位數 = 7，資料筆數 = 82315
C0M760.csv：有效欄位數 = 7，資料筆數 = 82302
C0M770.csv：有效欄位數 = 7，資料筆數 = 82339
C0M780.csv：有效欄位數 = 7，資料筆數 = 82315
C0M790.csv：有效欄位數 = 7，資料筆數 = 82315
🗑️ C0M800.csv：最早時間為 2016-01-01，晚於 2016，已刪除
🗑️ C0M810.csv：最早時間為 2016-01-01，晚於 2016，已刪除
🗑️ C0M820.csv：最早時間為 2016-01-01，晚於 2016，已刪除
🗑️ C0M850.csv：最早時間為 2018-02-01，晚於 2016，已刪除
🗑️ C0M860.csv：最早時間為 2020-03-18，晚於 2016，已刪除
C0O830.csv：有效欄位數 = 6，資料筆數 = 82301
C0O840.csv：有效欄位數 = 2，資料筆數 = 82301
C0O860.csv：有效欄位數 = 6，資料筆數 = 82301
C0O900.csv：有效欄位數 = 6，資料筆數 = 82322
C0O960.csv：有效欄位數 = 6，資料筆數 = 82301
C0O970.csv：有效欄位數 = 2，資料筆數 = 82301
C0O980.csv：有效欄位數 = 6，資料筆數 = 82301
C0O990.csv：有效欄位數 = 6，資料筆數 = 82301
C0R100.csv：有效欄位數 = 5，資料筆數 = 82301
C0R130.csv：有效欄位數 = 2，資料筆數 = 82301
C0R140.csv：有效欄位數 = 2，資料筆數 = 81581
C0R150.csv：有效欄位數 = 2，資料筆數 = 82301
C0R160.csv：有效欄位數 = 2，資料筆數 = 81581
C0R190.csv：有效欄位數 = 2，資料筆數 = 82301
C0R220.csv：有效欄位數 = 2，資料筆數 = 82301
C0R240.csv：有效欄位數 = 2，資料筆數 = 82301
C0R260.csv：有效欄位數 = 2，資料筆數 = 82301
C0R270.csv：有效欄位數 = 6，資料筆數 = 82301
🗑️ C0R320.csv：最早時間為 2019-12-02，晚於 2016，已刪除
🗑️ C0R341.csv：最早時間為 2019-12-02，晚於 2016，已刪除
C0R350.csv：有效欄位數 = 2，資料筆數 = 80213
🗑️ C0R440.csv：最早時間為 2019-12-02，晚於 2016，已刪除
C0R470.csv：有效欄位數 = 2，資料筆數 = 82301
C0R480.csv：有效欄位數 = 6，資料筆數 = 82301
C0R490.csv：有效欄位數 = 2，資料筆數 = 82301
C0R520.csv：有效欄位數 = 2，資料筆數 = 82301
C0R540.csv：有效欄位數 = 6，資料筆數 = 82301
C0R550.csv：有效欄位數 = 6，資料筆數 = 82301
C0R560.csv：有效欄位數 = 2，資料筆數 = 82301
C0R570.csv：有效欄位數 = 6，資料筆數 = 82301
C0R580.csv：有效欄位數 = 6，資料筆數 = 82301
C0R590.csv：有效欄位數 = 2，資料筆數 = 82301
C0R600.csv：有效欄位數 = 2，資料筆數 = 82301
🗑️ C0R620.csv：最早時間為 2016-01-01，晚於 2016，已刪除
🗑️ C0R640.csv：最早時間為 2018-06-01，晚於 2016，已刪除
🗑️ C0R650.csv：最早時間為 2018-08-02，晚於 2016，已刪除
🗑️ C0R660.csv：最早時間為 2019-12-02，晚於 2016，已刪除
🗑️ C0R670.csv：最早時間為 2019-12-02，晚於 2016，已刪除
🗑️ C0R680.csv：最早時間為 2019-12-02，晚於 2016，已刪除
🗑️ C0R690.csv：最早時間為 2019-12-02，晚於 2016，已刪除
🗑️ C0R700.csv：最早時間為 2019-12-02，晚於 2016，已刪除
🗑️ C0R710.csv：最早時間為 2020-04-13，晚於 2016，已刪除
🗑️ C0R720.csv：最早時間為 2019-12-02，晚於 2016，已刪除
🗑️ C0R730.csv：最早時間為 2020-04-13，晚於 2016，已刪除
🗑️ C0R750.csv：最早時間為 2020-04-13，晚於 2016，已刪除
🗑️ C0R760.csv：最早時間為 2020-04-13，晚於 2016，已刪除
🗑️ C0R770.csv：最早時間為 2020-04-13，晚於 2016，已刪除
🗑️ C0R780.csv：最早時間為 2020-04-13，晚於 2016，已刪除
🗑️ C0R790.csv：最早時間為 2020-04-13，晚於 2016，已刪除
🗑️ C0R800.csv：最早時間為 2020-04-13，晚於 2016，已刪除
🗑️ C0R810.csv：最早時間為 2020-04-13，晚於 2016，已刪除
🗑️ C0R820.csv：最早時間為 2020-04-13，晚於 2016，已刪除
🗑️ C0R830.csv：最早時間為 2020-04-13，晚於 2016，已刪除
🗑️ C0R840.csv：最早時間為 2020-04-13，晚於 2016，已刪除
C0S690.csv：有效欄位數 = 6，資料筆數 = 79891
C0S700.csv：有效欄位數 = 6，資料筆數 = 79723
C0S710.csv：有效欄位數 = 2，資料筆數 = 80347
C0S730.csv：有效欄位數 = 2，資料筆數 = 82243
C0S740.csv：有效欄位數 = 2，資料筆數 = 80347
C0S750.csv：有效欄位數 = 2，資料筆數 = 81043
C0S770.csv：有效欄位數 = 2，資料筆數 = 80035
C0S790.csv：有效欄位數 = 2，資料筆數 = 80045
C0S810.csv：有效欄位數 = 2，資料筆數 = 82253
C0S830.csv：有效欄位數 = 2，資料筆數 = 82253
C0S840.csv：有效欄位數 = 2，資料筆數 = 80237
🗑️ C0S890.csv：最早時間為 2016-01-01，晚於 2016，已刪除
🗑️ C0S900.csv：最早時間為 2018-09-30，晚於 2016，已刪除
🗑️ C0S910.csv：最早時間為 2018-09-30，晚於 2016，已刪除
🗑️ C0S920.csv：最早時間為 2019-04-01，晚於 2016，已刪除
🗑️ C0S930.csv：最早時間為 2019-04-01，晚於 2016，已刪除
🗑️ C0S940.csv：最早時間為 2019-04-01，晚於 2016，已刪除
🗑️ C0S950.csv：最早時間為 2019-05-16，晚於 2016，已刪除
🗑️ C0S960.csv：最早時間為 2019-04-01，晚於 2016，已刪除
🗑️ C0S970.csv：最早時間為 2019-04-01，晚於 2016，已刪除
🗑️ C0S980.csv：最早時間為 2019-04-01，晚於 2016，已刪除
🗑️ C0S990.csv：最早時間為 2019-04-01，晚於 2016，已刪除
🗑️ C0SA00.csv：最早時間為 2019-04-01，晚於 2016，已刪除
🗑️ C0SA10.csv：最早時間為 2019-04-01，晚於 2016，已刪除
🗑️ C0SA20.csv：最早時間為 2019-04-01，晚於 2016，已刪除
🗑️ C0SA30.csv：最早時間為 2019-04-01，晚於 2016，已刪除
🗑️ C0SA40.csv：最早時間為 2019-04-01，晚於 2016，已刪除
🗑️ C0SA60.csv：最早時間為 2020-04-13，晚於 2016，已刪除
🗑️ C0SA80.csv：最早時間為 2019-02-22，晚於 2016，已刪除
🗑️ C0SA90.csv：最早時間為 2020-04-13，晚於 2016，已刪除
C0T790.csv：有效欄位數 = 2，資料筆數 = 82205
C0T820.csv：有效欄位數 = 2，資料筆數 = 80525
C0T9A0.csv：有效欄位數 = 2，資料筆數 = 82157
C0T9D0.csv：有效欄位數 = 6，資料筆數 = 81077
C0T9F0.csv：有效欄位數 = 5，資料筆數 = 81389
C0T9M0.csv：有效欄位數 = 2，資料筆數 = 80957
🗑️ C0T9N0.csv：最早時間為 2019-05-20，晚於 2016，已刪除
C0U520.csv：有效欄位數 = 2，資料筆數 = 81791
C0U600.csv：有效欄位數 = 2，資料筆數 = 80903
C0U650.csv：有效欄位數 = 2，資料筆數 = 80995
C0U710.csv：有效欄位數 = 2，資料筆數 = 81719
🗑️ C0U720.csv：最早時間為 2018-01-01，晚於 2016，已刪除
C0U750.csv：有效欄位數 = 2，資料筆數 = 81633
C0U760.csv：有效欄位數 = 2，資料筆數 = 81945
C0U770.csv：有效欄位數 = 2，資料筆數 = 81437
C0U780.csv：有效欄位數 = 2，資料筆數 = 81077
🗑️ C0U860.csv：最早時間為 2017-12-01，晚於 2016，已刪除
🗑️ C0U870.csv：最早時間為 2017-12-01，晚於 2016，已刪除
🗑️ C0U890.csv：最早時間為 2017-12-01，晚於 2016，已刪除
🗑️ C0U900.csv：最早時間為 2017-12-01，晚於 2016，已刪除
🗑️ C0U910.csv：最早時間為 2017-12-01，晚於 2016，已刪除
🗑️ C0U940.csv：最早時間為 2017-12-01，晚於 2016，已刪除
🗑️ C0U950.csv：最早時間為 2017-12-01，晚於 2016，已刪除
🗑️ C0U960.csv：最早時間為 2018-01-01，晚於 2016，已刪除
🗑️ C0U970.csv：最早時間為 2017-12-01，晚於 2016，已刪除
🗑️ C0U980.csv：最早時間為 2017-12-01，晚於 2016，已刪除
🗑️ C0U990.csv：最早時間為 2017-12-01，晚於 2016，已刪除
🗑️ C0UA00.csv：最早時間為 2018-01-01，晚於 2016，已刪除
🗑️ C0UA10.csv：最早時間為 2018-01-01，晚於 2016，已刪除
🗑️ C0UA30.csv：最早時間為 2018-01-01，晚於 2016，已刪除
🗑️ C0UA40.csv：最早時間為 2018-01-01，晚於 2016，已刪除
🗑️ C0UA50.csv：最早時間為 2018-01-01，晚於 2016，已刪除
🗑️ C0UA60.csv：最早時間為 2018-01-01，晚於 2016，已刪除
🗑️ C0UA70.csv：最早時間為 2018-01-01，晚於 2016，已刪除
C0V210.csv：有效欄位數 = 2，資料筆數 = 82205
C0V350.csv：有效欄位數 = 6，資料筆數 = 82301
C0V360.csv：有效欄位數 = 2，資料筆數 = 82301
C0V370.csv：有效欄位數 = 2，資料筆數 = 82301
C0V400.csv：有效欄位數 = 6，資料筆數 = 82301
C0V450.csv：有效欄位數 = 6，資料筆數 = 82301
C0V490.csv：有效欄位數 = 2，資料筆數 = 82301
C0V530.csv：有效欄位數 = 2，資料筆數 = 82205
C0V610.csv：有效欄位數 = 2，資料筆數 = 82301
C0V620.csv：有效欄位數 = 2，資料筆數 = 82301
C0V630.csv：有效欄位數 = 2，資料筆數 = 82205
C0V640.csv：有效欄位數 = 2，資料筆數 = 82301
C0V650.csv：有效欄位數 = 2，資料筆數 = 82301
C0V660.csv：有效欄位數 = 6，資料筆數 = 82253
C0V680.csv：有效欄位數 = 2，資料筆數 = 82301
C0V690.csv：有效欄位數 = 2，資料筆數 = 82301
C0V700.csv：有效欄位數 = 6，資料筆數 = 82301
C0V710.csv：有效欄位數 = 2，資料筆數 = 82301
C0V720.csv：有效欄位數 = 2，資料筆數 = 82301
C0V730.csv：有效欄位數 = 6，資料筆數 = 82301
C0V740.csv：有效欄位數 = 6，資料筆數 = 82301
C0V750.csv：有效欄位數 = 2，資料筆數 = 82301
C0V760.csv：有效欄位數 = 6，資料筆數 = 82301
C0V770.csv：有效欄位數 = 2，資料筆數 = 82301
C0V800.csv：有效欄位數 = 2，資料筆數 = 82301
C0V810.csv：有效欄位數 = 6，資料筆數 = 82315
🗑️ C0V820.csv：最早時間為 2018-12-20，晚於 2016，已刪除
🗑️ C0W130.csv：最早時間為 2016-06-30，晚於 2016，已刪除
🗑️ C0W140.csv：最早時間為 2016-10-04，晚於 2016，已刪除
🗑️ C0W150.csv：最早時間為 2016-10-04，晚於 2016，已刪除
C0X050.csv：有效欄位數 = 2，資料筆數 = 82205
C0X060.csv：有效欄位數 = 2，資料筆數 = 82205
C0X080.csv：有效欄位數 = 2，資料筆數 = 81475
C0X100.csv：有效欄位數 = 6，資料筆數 = 82205
C0X110.csv：有效欄位數 = 6，資料筆數 = 82205
C0X120.csv：有效欄位數 = 6，資料筆數 = 82205
C0X130.csv：有效欄位數 = 6，資料筆數 = 82205
C0X140.csv：有效欄位數 = 6，資料筆數 = 82205
C0X150.csv：有效欄位數 = 6，資料筆數 = 82205
C0X160.csv：有效欄位數 = 2，資料筆數 = 82205
C0X170.csv：有效欄位數 = 2，資料筆數 = 82205
C0X180.csv：有效欄位數 = 2，資料筆數 = 82205
C0X190.csv：有效欄位數 = 6，資料筆數 = 82205
C0X200.csv：有效欄位數 = 2，資料筆數 = 81077
C0X210.csv：有效欄位數 = 7，資料筆數 = 82205
C0X220.csv：有效欄位數 = 2，資料筆數 = 82205
C0X230.csv：有效欄位數 = 7，資料筆數 = 82205
C0X240.csv：有效欄位數 = 7，資料筆數 = 82205
C0X250.csv：有效欄位數 = 2，資料筆數 = 82205
C0X260.csv：有效欄位數 = 2，資料筆數 = 82205
C0X280.csv：有效欄位數 = 2，資料筆數 = 82205
🗑️ C0X290.csv：最早時間為 2016-01-01，晚於 2016，已刪除
🗑️ C0X300.csv：最早時間為 2016-01-01，晚於 2016，已刪除
🗑️ C0X320.csv：最早時間為 2020-01-10，晚於 2016，已刪除
C0Z020.csv：有效欄位數 = 2，資料筆數 = 79949
C0Z050.csv：有效欄位數 = 2，資料筆數 = 80237
C0Z061.csv：有效欄位數 = 6，資料筆數 = 79949
C0Z070.csv：有效欄位數 = 2，資料筆數 = 78509
C0Z080.csv：有效欄位數 = 2，資料筆數 = 78077
🗑️ C0Z150.csv：最早時間為 2017-06-06，晚於 2016，已刪除
🗑️ C0Z160.csv：最早時間為 2017-06-06，晚於 2016，已刪除
🗑️ C0Z170.csv：最早時間為 2017-12-01，晚於 2016，已刪除
🗑️ C0Z180.csv：最早時間為 2017-12-01，晚於 2016，已刪除
🗑️ C0Z190.csv：最早時間為 2017-12-01，晚於 2016，已刪除
🗑️ C0Z210.csv：最早時間為 2017-12-01，晚於 2016，已刪除
🗑️ C0Z220.csv：最早時間為 2018-01-01，晚於 2016，已刪除
🗑️ C0Z230.csv：最早時間為 2017-12-01，晚於 2016，已刪除
🗑️ C0Z250.csv：最早時間為 2017-12-01，晚於 2016，已刪除
🗑️ C0Z270.csv：最早時間為 2017-06-06，晚於 2016，已刪除
🗑️ C0Z280.csv：最早時間為 2017-12-01，晚於 2016，已刪除
🗑️ C0Z290.csv：最早時間為 2017-12-01，晚於 2016，已刪除
🗑️ C0Z300.csv：最早時間為 2017-12-01，晚於 2016，已刪除
🗑️ C0Z310.csv：最早時間為 2018-01-01，晚於 2016，已刪除
🗑️ C0Z320.csv：最早時間為 2018-01-01，晚於 2016，已刪除
🗑️ C0Z330.csv：最早時間為 2018-01-01，晚於 2016，已刪除

=== 清理報告 ===
總共刪除了 0 個欄位出現次數（重複計算）
共 0 種不同欄位曾被刪除：

=== 清理後有效欄位統計 ===
最小有效欄位數：2
最大有效欄位數：10
平均有效欄位數：4.49
✅ 總有效欄位數加總（全部檔案）：1136
